// Jest Snapshot v1, https://goo.gl/fbAQLP

exports[`AppController (e2e) /books (GET) should return an array of books 1`] = `
[
  {
    "author": "Author 1",
    "id": "book1",
    "title": "Book 1",
  },
  {
    "author": "Author 2",
    "id": "book2",
    "title": "Book 2",
  },
  {
    "author": "Author 3",
    "id": "book3",
    "title": "Book 3",
  },
]
`;
